MULTIPOINT(580936.142820000066422 819465.261820000014268)
MULTIPOINT(506358.893820000055712 607539.257300000055693)
MULTIPOINT(630565.963580000097863 527840.458930000080727)
MULTIPOINT(315456.49222000001464 345306.814089999999851)
MULTIPOINT(471022.700770000054035 736736.493040000088513)
MULTIPOINT(500018.609210000024177 615679.275080000050366)
MULTIPOINT(219498.722490000014659 315980.375130000000354)
MULTIPOINT(319224.669260000053328 318928.062450000026729)
MULTIPOINT(568650.774420000030659 460462.130340000032447)
MULTIPOINT(556409.113540000049397 729253.309900000109337)
MULTIPOINT(513863.467630000028294 702618.742170000099577)
MULTIPOINT(578737.939010000089183 752848.936010000063106)
MULTIPOINT(574438.608450000057928 769113.196330000064336)
MULTIPOINT(542424.351010000100359 668316.880130000063218)
MULTIPOINT(400265.835330000030808 734407.033600000082515)
MULTIPOINT(451759.863000000012107 412686.10072000004584)
MULTIPOINT(569910.583610000088811 459856.209410000010394)
MULTIPOINT(463382.922610000066925 699974.019890000112355)
MULTIPOINT(604477.021810000063851 740527.999130000011064)
MULTIPOINT(507899.651880000019446 708318.275560000096448)
MULTIPOINT(417174.241780000040308 505305.09095000004163)
MULTIPOINT(577806.699530000099912 694316.933400000096299)
MULTIPOINT(576210.383290000027046 714992.288050000090152)
MULTIPOINT(577656.942500000004657 695830.735900000086986)
MULTIPOINT(581803.779110000003129 693852.4642500000773)
MULTIPOINT(483239.070140000025276 239264.868230000021867)
MULTIPOINT(584627.388420000090264 693322.92413000005763)
MULTIPOINT(531622.192359999986365 716647.040900000021793)
MULTIPOINT(581975.365600000019185 694284.048850000021048)
MULTIPOINT(446160.135880000016186 550892.865030000102706)
MULTIPOINT(529311.590369999990799 610942.506190000101924)
MULTIPOINT(581808.726989999995567 695841.703110000002198)
MULTIPOINT(504782.468510000035167 615893.186210000072606)
MULTIPOINT(622500.15625 752230.030260000028647)
MULTIPOINT(349366.222340000036638 363016.921230000036303)
MULTIPOINT(594903.33074000000488 545923.436930000083521)
MULTIPOINT(441308.570190000056755 229022.749010000028647)
MULTIPOINT(605633.269660000107251 771823.459750000038184)
MULTIPOINT(318054.396830000041518 406677.968770000035875)
MULTIPOINT(606814.490940000046976 683559.837390000000596)
MULTIPOINT(427202.245580000046175 526355.921120000071824)
MULTIPOINT(585605.654580000089481 428734.299960000033025)
MULTIPOINT(348498.22029000002658 696622.254660000093281)
MULTIPOINT(447753.888230000040494 552268.218020000029355)
MULTIPOINT(562081.95050999999512 696159.347580000059679)
MULTIPOINT(449917.461530000029597 516567.922520000021905)
MULTIPOINT(509151.607040000031702 594632.163260000059381)
MULTIPOINT(565466.435280000092462 673573.123640000005253)
MULTIPOINT(492421.362360000028275 719117.799270000075921)
MULTIPOINT(613346.499960000044666 691449.747540000011213)
MULTIPOINT(341505.393230000045151 347633.860110000008717)
MULTIPOINT(335130.109220000042114 221738.458570000017062)
MULTIPOINT(520476.859200000064448 607380.89342000009492)
MULTIPOINT(610931.065290000056848 690104.943360000033863)
MULTIPOINT(577692.981620000093244 695342.84069000009913)
MULTIPOINT(623744.425210000015795 697297.799340000026859)
MULTIPOINT(439667.994100000010803 646984.255700000096112)
MULTIPOINT(507141.140300000028219 606418.246120000025257)
MULTIPOINT(575383.927230000030249 737533.321870000101626)
MULTIPOINT(413215.495250000036322 523736.836310000042431)
MULTIPOINT(561887.180890000076033 504214.422380000061821)
MULTIPOINT(583428.220760000054725 759656.927730000112206)
MULTIPOINT(421018.925050000019837 813910.215410000062548)
MULTIPOINT(621373.929810000001453 690044.792870000004768)
MULTIPOINT(470983.15933000005316 620692.733330000075512)
MULTIPOINT(508947.758360000036191 706720.507140000001527)
