SRID=4269;POINT(-74.177824920000006 41.082633610000002)
SRID=4269;POINT(-74.448812860000004 40.50133744)
SRID=4269;POINT(-74.003763579999998 40.281496879999999)
SRID=4269;POINT(-75.128637420000004 39.779738899999998)
SRID=4269;POINT(-74.576290139999998 40.855975950000001)
SRID=4269;POINT(-74.471604010000007 40.52369066)
SRID=4269;POINT(-75.468916829999998 39.696883339999999)
SRID=4269;POINT(-75.114586180000003 39.707392310000003)
SRID=4269;POINT(-74.226437009999998 40.097265630000003)
SRID=4269;POINT(-74.267669260000005 40.835226150000004)
SRID=4269;POINT(-74.421520369999996 40.762321810000003)
SRID=4269;POINT(-74.186665980000001 40.899803410000004)
SRID=4269;POINT(-74.20201874 40.944488270000001)
SRID=4269;POINT(-74.318666629999996 40.668046500000003)
SRID=4269;POINT(-74.832059630000003 40.849128980000003)
SRID=4269;POINT(-74.644021010000003 39.966337080000002)
SRID=4269;POINT(-74.221940279999998 40.095591480000003)
SRID=4269;POINT(-74.603752549999996 40.755042080000003)
SRID=4269;POINT(-74.093760180000004 40.865693360000002)
SRID=4269;POINT(-74.443037400000009 40.777979670000001)
SRID=4269;POINT(-74.768417029999995 40.220384549999999)
SRID=4269;POINT(-74.190781819999998 40.739145739999998)
SRID=4269;POINT(-74.196284439999999 40.795914160000002)
SRID=4269;POINT(-74.191303059999996 40.743302530000001)
SRID=4269;POINT(-74.176363080000002 40.737831229999998)
SRID=4269;POINT(-74.531487310000003 39.490294560000002)
SRID=4269;POINT(-74.166180539999999 40.736348640000003)
SRID=4269;POINT(-74.357326069999999 40.800767929999999)
SRID=4269;POINT(-74.175738109999998 40.739014179999998)
SRID=4269;POINT(-74.664915809999997 40.345727350000004)
SRID=4269;POINT(-74.366253229999998 40.510613740000004)
SRID=4269;POINT(-74.176318760000001 40.743291589999998)
SRID=4269;POINT(-74.454466400000001 40.52427239)
SRID=4269;POINT(-74.028366559999995 40.897565839999999)
SRID=4269;POINT(-75.008339750000005 39.828950259999999)
SRID=4269;POINT(-74.131322210000008 40.331615280000001)
SRID=4269;POINT(-74.679995219999995 39.462038589999999)
SRID=4269;POINT(-74.089048059999996 40.951580399999997)
SRID=4269;POINT(-75.120910680000009 39.948269170000003)
SRID=4269;POINT(-74.086280250000002 40.709290090000003)
SRID=4269;POINT(-74.732702419999995 40.278251590000004)
SRID=4269;POINT(-74.166253030000007 40.010004309999999)
SRID=4269;POINT(-75.018379820000007 40.744723980000003)
SRID=4269;POINT(-74.659206530000006 40.349510970000004)
SRID=4269;POINT(-74.247511430000003 40.744341220000003)
SRID=4269;POINT(-74.651224839999998 40.251516340000002)
SRID=4269;POINT(-74.438802050000007 40.4659008)
SRID=4269;POINT(-74.235541699999999 40.682314660000003)
SRID=4269;POINT(-74.498929349999997 40.807638330000003)
SRID=4269;POINT(-74.062576199999995 40.730860620000001)
SRID=4269;POINT(-75.036001639999995 39.786592509999998)
SRID=4269;POINT(-75.055916429999996 39.440849419999999)
SRID=4269;POINT(-74.398043330000007 40.50086907)
SRID=4269;POINT(-74.071315670000004 40.727201909999998)
SRID=4269;POINT(-74.19117919 40.74196293)
SRID=4269;POINT(-74.024942620000004 40.74676479)
SRID=4269;POINT(-74.688946680000001 40.609474900000002)
SRID=4269;POINT(-74.44600226 40.498258839999998)
SRID=4269;POINT(-74.198989909999995 40.857795709999998)
SRID=4269;POINT(-74.782804600000006 40.270949989999998)
SRID=4269;POINT(-74.25017536 40.217432000000002)
SRID=4269;POINT(-74.169605509999997 40.918443260000004)
SRID=4269;POINT(-74.757888519999995 41.06754763)
SRID=4269;POINT(-74.033637290000001 40.726890709999999)
SRID=4269;POINT(-74.576069900000007 40.537431640000001)
SRID=4269;POINT(-74.439256670000006 40.773591870000004)
